nagisakawatani@NagisanoiMac Desktop % cd samurai
nagisakawatani@NagisanoiMac samurai % mkdir git_challenge
nagisakawatani@NagisanoiMac samurai % cd git_challenge 
nagisakawatani@NagisanoiMac git_challenge % git init
Initialized empty Git repository in /Users/nagisakawatani/Desktop/samurai/git_challenge/.git/
nagisakawatani@NagisanoiMac git_challenge % touch hello_world.txt
nagisakawatani@NagisanoiMac git_challenge % pwd     
/Users/nagisakawatani/Desktop/samurai/git_challenge
 
nagisakawatani@NagisanoiMac git_challenge % git add /Users/nagisakawatani/Desktop/samurai/git_challenge
nagisakawatani@NagisanoiMac git_challenge % git commit -m "ファイルのコミット"
[main (root-commit) 8e513e7] ファイルのコミット
 1 file changed, 0 insertions(+), 0 deletions(-)
 create mode 100644 hello_world.txt
 
nagisakawatani@NagisanoiMac git_challenge % nano hello_world.txt
nagisakawatani@NagisanoiMac git_challenge % git add /Users/nagisakawatani/Desktop/samurai/git_challenge
nagisakawatani@NagisanoiMac git_challenge % git commit -m "1行目記入"                                  
[main 82a4d3f] 1行目記入
 1 file changed, 1 insertion(+)
 
nagisakawatani@NagisanoiMac git_challenge % nano hello_world.txt                                       
nagisakawatani@NagisanoiMac git_challenge % git add /Users/nagisakawatani/Desktop/samurai/git_challenge
nagisakawatani@NagisanoiMac git_challenge % git commit -m "2行目記入"                                
[main 08723a2] 2行目記入
 1 file changed, 1 insertion(+)

nagisakawatani@NagisanoiMac git_challenge % git status
On branch main
nothing to commit, working tree clean
nagisakawatani@NagisanoiMac git_challenge % git log
commit 08723a27388da7891b00ff36157f0d881e89e0d4 (HEAD -> main)
Author: NK-calcio <nagisa99kawatani@gmail.com>
Date:   Sat Dec 21 17:23:41 2024 +0900

    2行目記入

commit 82a4d3fdbc8a25ab1bc474878a0ed0941fcf5ac9
Author: NK-calcio <nagisa99kawatani@gmail.com>
Date:   Sat Dec 21 17:22:24 2024 +0900

    1行目記入

commit 8e513e744fc42f4c8f2675df2e6ecadf0119b959
Author: NK-calcio <nagisa99kawatani@gmail.com>
Date:   Sat Dec 21 17:15:41 2024 +0900

    ファイルのコミット


nagisakawatani@NagisanoiMac git_challenge % mkdir kadai_005
nagisakawatani@NagisanoiMac git_challenge % cd kadai_005
nagisakawatani@NagisanoiMac kadai_005 % touch kadai_005.txt
nagisakawatani@NagisanoiMac kadai_005 % nano kadai_005.txt
